[INFO] [launch]: All log files can be found below /home/jinhyeong/.ros/log/2026-09-28-04-04-47-800553-DESKTOP-KA11CHH-787
[INFO] [launch]: Default logging verbosity is set to INFO
[INFO] [launch.user]: Collision detector: configured; SceneBroadcaster: True
[INFO] [launch.user]: Gazebo rendering request: wsl_nvidia; driver=d3d12; D3D12 lifetime guard=True. Verify actual GL_RENDERER in Ogre2 log.
[INFO] [launch.user]: Drive: single_motor; differential: configured; safety=LiDAR enabled=True. Motor/tire properties are provisional.
[INFO] [launch.user]: Track: official; main width: 0.45 m; shortcut widths: [0.2, 0.2] m. Official v2026.09.14 track and complete gantry markers are preserved; signal, bump profile and checker finish are team-test provisional.
[INFO] [launch.user]: Rear identification marker: enabled=True; DICT_4X4_50 ID 49; board=0.05 m (team registered; mount provisional).
[INFO] [launch.user]: Camera: B0183 + independent LSM6DSOX 208 Hz; RGB 1280x720 @ 60.0 Hz; depth 848x480 @ 60.0 Hz (enabled=False).
[INFO] [launch.user]: Sensor mode: local_pursuit; ToF layout=none (mount provisional); speed_bump=False; batch_visuals=True; comparison ballast=0.062 kg.
[INFO] [launch.user]: ToF ring: enabled=False; profile=tracking_8x8_15; 8x8 @ 15.0 Hz; modules=[].
[INFO] [launch.user]: 2D LiDAR: enabled=True; 10 Hz, 500 samples/scan. acquisition=sequential; source=500 Hz; capture quantization <=2.1 ms; raw scan uncorrected, controller compensation=both.
[INFO] [gz-1]: process started with pid [790]
[INFO] [parameter_bridge-2]: process started with pid [791]
[INFO] [parameter_bridge-3]: process started with pid [792]
[INFO] [ackermann_to_twist-4]: process started with pid [793]
[INFO] [rotating_lidar-5]: process started with pid [794]
[INFO] [parameter_bridge-6]: process started with pid [795]
[INFO] [static_transform_publisher-7]: process started with pid [796]
[INFO] [lidar_safety-8]: process started with pid [797]
[INFO] [sim_wheel_encoder-9]: process started with pid [798]
[static_transform_publisher-7] [INFO] [1790535890.416506413] [lidar_transform]: Spinning until stopped - publishing transform
[static_transform_publisher-7] translation: ('0.060000', '0.000000', '0.095000')
[static_transform_publisher-7] rotation: ('0.000000', '0.000000', '0.000000', '1.000000')
[static_transform_publisher-7] from 'base_link' to 'laser_frame'
[parameter_bridge-6] [INFO] [1790535890.499557070] [lidar_bridge]: Creating GZ->ROS Bridge: [/sim/lidar_instantaneous (gz.msgs.LaserScan) -> /sim/lidar_instantaneous (sensor_msgs/msg/LaserScan)] (Lazy 0)
[parameter_bridge-2] [INFO] [1790535890.508882657] [ros_gz_bridge]: Creating GZ->ROS Bridge: [/clock (gz.msgs.Clock) -> /clock (rosgraph_msgs/msg/Clock)] (Lazy 0)
[parameter_bridge-2] [INFO] [1790535890.515096227] [ros_gz_bridge]: Creating GZ->ROS Bridge: [/model/arena_car/cmd_vel (gz.msgs.Twist) -> /model/arena_car/cmd_vel (geometry_msgs/msg/Twist)] (Lazy 0)
[parameter_bridge-2] [INFO] [1790535890.526583541] [ros_gz_bridge]: Creating ROS->GZ Bridge: [/model/arena_car/cmd_vel (geometry_msgs/msg/Twist) -> /model/arena_car/cmd_vel (gz.msgs.Twist)] (Lazy 0)
[parameter_bridge-2] [INFO] [1790535890.528316540] [ros_gz_bridge]: Creating ROS->GZ Bridge: [/model/arena_car/steer_angle (std_msgs/msg/Float64) -> /model/arena_car/steer_angle (gz.msgs.Double)] (Lazy 0)
[parameter_bridge-2] [INFO] [1790535890.530035137] [ros_gz_bridge]: Creating GZ->ROS Bridge: [/model/arena_car/drivetrain (gz.msgs.StringMsg) -> /model/arena_car/drivetrain (std_msgs/msg/String)] (Lazy 0)
[parameter_bridge-2] [INFO] [1790535890.531087484] [ros_gz_bridge]: Creating GZ->ROS Bridge: [/model/arena_car/odometry (gz.msgs.Odometry) -> /model/arena_car/odometry (nav_msgs/msg/Odometry)] (Lazy 0)
[parameter_bridge-2] [INFO] [1790535890.542937528] [ros_gz_bridge]: Creating ROS->GZ Bridge: [/model/arena_car/odometry (nav_msgs/msg/Odometry) -> /model/arena_car/odometry (gz.msgs.Odometry)] (Lazy 0)
[parameter_bridge-2] [INFO] [1790535890.544438671] [ros_gz_bridge]: Creating GZ->ROS Bridge: [/model/arena_car/tf (gz.msgs.Pose_V) -> /model/arena_car/tf (tf2_msgs/msg/TFMessage)] (Lazy 0)
[parameter_bridge-2] [INFO] [1790535890.557195882] [ros_gz_bridge]: Creating ROS->GZ Bridge: [/model/arena_car/tf (tf2_msgs/msg/TFMessage) -> /model/arena_car/tf (gz.msgs.Pose_V)] (Lazy 0)
[parameter_bridge-2] [INFO] [1790535890.558776402] [ros_gz_bridge]: Creating GZ->ROS Bridge: [/model/arena_car/joint_state (gz.msgs.Model) -> /model/arena_car/joint_state (sensor_msgs/msg/JointState)] (Lazy 0)
[parameter_bridge-2] [INFO] [1790535890.565715265] [ros_gz_bridge]: Creating ROS->GZ Bridge: [/model/arena_car/joint_state (sensor_msgs/msg/JointState) -> /model/arena_car/joint_state (gz.msgs.Model)] (Lazy 0)
[parameter_bridge-3] [INFO] [1790535891.560244446] [d435i_sensor_bridge]: Creating GZ->ROS Bridge: [/camera/color/image_raw (gz.msgs.Image) -> /camera/color/image_raw (sensor_msgs/msg/Image)] (Lazy 0)
[parameter_bridge-3] [INFO] [1790535891.588513144] [d435i_sensor_bridge]: Creating GZ->ROS Bridge: [/camera/color/camera_info (gz.msgs.CameraInfo) -> /camera/color/camera_info (sensor_msgs/msg/CameraInfo)] (Lazy 0)
[parameter_bridge-3] [INFO] [1790535891.592747100] [d435i_sensor_bridge]: Creating GZ->ROS Bridge: [/imu/data (gz.msgs.IMU) -> /imu/data (sensor_msgs/msg/Imu)] (Lazy 0)
[INFO] [create-10]: process started with pid [884]
[sim_wheel_encoder-9] [INFO] [1790535893.156869654] [sim_wheel_encoder]: Simulated rear encoders ready: 2048 ticks/rev, 100 Hz, 2 ms latency
[create-10] [INFO] [1790535895.577011388] [ros_gz_sim]: Entity creation successful.
[INFO] [create-10]: process has finished cleanly [pid 884]
[gz-1] [1;32m[Msg] [0m[1;32mGazebo Sim Server v[0m[1;32m8.11.0[0m[1;32m[0m
[gz-1] [1;32m[Msg] [0m[1;32mLoading SDF world file[[0m[1;32m/tmp/arena_world_788ja810/world.sdf[0m[1;32m].[0m
[gz-1] [1;32m[Msg] [0m[1;32mServing entity system service on [[0m[1;32m/[0m[1;32mentity/system/add[0m[1;32m][0m[1;32m[0m
[gz-1] [1;32m[Msg] [0m[1;32mCreate[0m[1;32m service on [[0m[1;32m/world/it_arena_track/create_multiple[0m[1;32m] (async)[0m[1;32m[0m
[gz-1] [1;32m[Msg] [0m[1;32mCreate[0m[1;32m service on [[0m[1;32m/world/it_arena_track/create_multiple/blocking[0m[1;32m] (blocking)[0m[1;32m[0m
[gz-1] [1;32m[Msg] [0m[1;32mRemove[0m[1;32m service on [[0m[1;32m/world/it_arena_track/remove[0m[1;32m] (async)[0m[1;32m[0m
[gz-1] [1;32m[Msg] [0m[1;32mRemove[0m[1;32m service on [[0m[1;32m/world/it_arena_track/remove/blocking[0m[1;32m] (blocking)[0m[1;32m[0m
[gz-1] [1;32m[Msg] [0m[1;32mPose[0m[1;32m service on [[0m[1;32m/world/it_arena_track/set_pose[0m[1;32m] (async)[0m[1;32m[0m
[gz-1] [1;32m[Msg] [0m[1;32mPose[0m[1;32m service on [[0m[1;32m/world/it_arena_track/set_pose/blocking[0m[1;32m] (blocking)[0m[1;32m[0m
[gz-1] [1;32m[Msg] [0m[1;32mPose[0m[1;32m service on [[0m[1;32m/world/it_arena_track/set_pose_vector[0m[1;32m] (async)[0m[1;32m[0m
[gz-1] [1;32m[Msg] [0m[1;32mPose[0m[1;32m service on [[0m[1;32m/world/it_arena_track/set_pose_vector/blocking[0m[1;32m] (blocking)[0m[1;32m[0m
[gz-1] [1;32m[Msg] [0m[1;32mLight configuration[0m[1;32m service on [[0m[1;32m/world/it_arena_track/light_config[0m[1;32m] (async)[0m[1;32m[0m
[gz-1] [1;32m[Msg] [0m[1;32mLight configuration[0m[1;32m service on [[0m[1;32m/world/it_arena_track/light_config/blocking[0m[1;32m] (blocking)[0m[1;32m[0m
[gz-1] [1;32m[Msg] [0m[1;32mPhysics[0m[1;32m service on [[0m[1;32m/world/it_arena_track/set_physics[0m[1;32m] (async)[0m[1;32m[0m
[gz-1] [1;32m[Msg] [0m[1;32mPhysics[0m[1;32m service on [[0m[1;32m/world/it_arena_track/set_physics/blocking[0m[1;32m] (blocking)[0m[1;32m[0m
[gz-1] [1;32m[Msg] [0m[1;32mSphericalCoordinates[0m[1;32m service on [[0m[1;32m/world/it_arena_track/set_spherical_coordinates[0m[1;32m] (async)[0m[1;32m[0m
[gz-1] [1;32m[Msg] [0m[1;32mSphericalCoordinates[0m[1;32m service on [[0m[1;32m/world/it_arena_track/set_spherical_coordinates/blocking[0m[1;32m] (blocking)[0m[1;32m[0m
[gz-1] [1;32m[Msg] [0m[1;32mEnable collision[0m[1;32m service on [[0m[1;32m/world/it_arena_track/enable_collision[0m[1;32m] (async)[0m[1;32m[0m
[gz-1] [1;32m[Msg] [0m[1;32mEnable collision[0m[1;32m service on [[0m[1;32m/world/it_arena_track/enable_collision/blocking[0m[1;32m] (blocking)[0m[1;32m[0m
[gz-1] [1;32m[Msg] [0m[1;32mDisable collision[0m[1;32m service on [[0m[1;32m/world/it_arena_track/disable_collision[0m[1;32m] (async)[0m[1;32m[0m
[gz-1] [1;32m[Msg] [0m[1;32mDisable collision[0m[1;32m service on [[0m[1;32m/world/it_arena_track/disable_collision/blocking[0m[1;32m] (blocking)[0m[1;32m[0m
[gz-1] [1;32m[Msg] [0m[1;32mMaterial[0m[1;32m service on [[0m[1;32m/world/it_arena_track/visual_config[0m[1;32m] (async)[0m[1;32m[0m
[gz-1] [1;32m[Msg] [0m[1;32mMaterial[0m[1;32m service on [[0m[1;32m/world/it_arena_track/visual_config/blocking[0m[1;32m] (blocking)[0m[1;32m[0m
[gz-1] [1;32m[Msg] [0m[1;32mMaterial[0m[1;32m service on [[0m[1;32m/world/it_arena_track/wheel_slip[0m[1;32m] (async)[0m[1;32m[0m
[gz-1] [1;32m[Msg] [0m[1;32mMaterial[0m[1;32m service on [[0m[1;32m/world/it_arena_track/wheel_slip/blocking[0m[1;32m] (blocking)[0m[1;32m[0m
[gz-1] [1;32m[Msg] [0m[1;32mLoaded level [[0m[1;32mdefault[0m[1;32m][0m[1;32m[0m
[gz-1] [1;32m[Msg] [0m[1;32mServing world controls on [[0m[1;32m/world/it_arena_track[0m[1;32m/control], [[0m[1;32m/world/it_arena_track[0m[1;32m/control/state] and [[0m[1;32m/world/it_arena_track[0m[1;32m/playback/control][0m[1;32m[0m
[gz-1] [1;32m[Msg] [0m[1;32mServing GUI information on [[0m[1;32m/world/it_arena_track[0m[1;32m/[0m[1;32mgui/info[0m[1;32m][0m[1;32m[0m
[gz-1] [1;33m[Wrn] [OBJLoader.cc:202] [0m[1;33mMissing material for shape[[0m[1;33m] [0m[1;33min OBJ file[[0m[1;33m/tmp/arena_world_788ja810/batched_track_surface_0.obj[0m[1;33m][0m[1;33m[0m
[gz-1] [1;33m[Wrn] [OBJLoader.cc:202] [0m[1;33mMissing material for shape[[0m[1;33m] [0m[1;33min OBJ file[[0m[1;33m/tmp/arena_world_788ja810/batched_grass_0.obj[0m[1;33m][0m[1;33m[0m
[gz-1] [1;33m[Wrn] [OBJLoader.cc:202] [0m[1;33mMissing material for shape[[0m[1;33m] [0m[1;33min OBJ file[[0m[1;33m/tmp/arena_world_788ja810/batched_walls_0.obj[0m[1;33m][0m[1;33m[0m
[gz-1] [1;33m[Wrn] [Ogre2Camera.cc:423] [0m[1;33mOgre2Camera::SetVisibilityMask: Mask bits [0m[1;33mc0000000[0m[1;33m are set but will be ignored as they conflict with the [0m[1;33mreserved bits used internally by the ogre2 backend.[0m[1;33m[0m
[parameter_bridge-2] [INFO] [1790535903.483242723] [ros_gz_bridge]: Passing message from ROS geometry_msgs/msg/Twist to Gazebo gz.msgs.Twist (showing msg only once per type)
[parameter_bridge-2] [INFO] [1790535903.483564491] [ros_gz_bridge]: Passing message from ROS std_msgs/msg/Float64 to Gazebo gz.msgs.Double (showing msg only once per type)
[gz-1] [1;33m[Wrn] [Ogre2Camera.cc:423] [0m[1;33mOgre2Camera::SetVisibilityMask: Mask bits [0m[1;33mc0000000[0m[1;33m are set but will be ignored as they conflict with the [0m[1;33mreserved bits used internally by the ogre2 backend.[0m[1;33m[0m
[INFO] [1790535951.277053693] [ros_gz_bridge]: Creating GZ->ROS Bridge: [/photo/rear_portrait (gz.msgs.Image) -> /photo/rear_portrait (sensor_msgs/msg/Image)] (Lazy 0)
[INFO] [1790536037.129723636] [rclcpp]: signal_handler(SIGINT/SIGTERM)
[gz-1] [1;33m[Wrn] [Ogre2Camera.cc:423] [0m[1;33mOgre2Camera::SetVisibilityMask: Mask bits [0m[1;33mc0000000[0m[1;33m are set but will be ignored as they conflict with the [0m[1;33mreserved bits used internally by the ogre2 backend.[0m[1;33m[0m
[INFO] [1790536040.652603219] [ros_gz_bridge]: Creating GZ->ROS Bridge: [/photo/rear_three_quarter (gz.msgs.Image) -> /photo/rear_three_quarter (sensor_msgs/msg/Image)] (Lazy 0)
[INFO] [1790536127.011626270] [rclcpp]: signal_handler(SIGINT/SIGTERM)
[gz-1] Stack trace (most recent call last) in thread 1133:
[gz-1] #5    Object "[0xffffffffffffffff]", at 0xffffffffffffffff, in 
[gz-1] #4    Object "/lib/x86_64-linux-gnu/libc.so.6", at 0x7de1df729d6b, in 
[gz-1] #3    Object "/lib/x86_64-linux-gnu/libc.so.6", at 0x7de1df69cb83, in 
[gz-1] #2    Object "/lib/x86_64-linux-gnu/libstdc++.so.6", at 0x7de1df2ecdb3, in 
[gz-1] #1    Object "/opt/ros/jazzy/opt/gz_sim_vendor/lib/libgz-sim8.so.8", at 0x7de1d9b4baf0, in 
[gz-1] #0    Object "/opt/ros/jazzy/opt/gz_sim_vendor/lib/libgz-sim8.so.8", at 0x7de1d9b5f9b8, in 
[gz-1] Segmentation fault (Address not mapped to object [(nil)])
[WARNING] [launch]: user interrupted with ctrl-c (SIGINT)
[INFO] [sim_wheel_encoder-9]: sending signal 'SIGINT' to process[sim_wheel_encoder-9]
[INFO] [lidar_safety-8]: sending signal 'SIGINT' to process[lidar_safety-8]
[INFO] [static_transform_publisher-7]: sending signal 'SIGINT' to process[static_transform_publisher-7]
[INFO] [parameter_bridge-6]: sending signal 'SIGINT' to process[parameter_bridge-6]
[INFO] [rotating_lidar-5]: sending signal 'SIGINT' to process[rotating_lidar-5]
[INFO] [ackermann_to_twist-4]: sending signal 'SIGINT' to process[ackermann_to_twist-4]
[INFO] [parameter_bridge-3]: sending signal 'SIGINT' to process[parameter_bridge-3]
[INFO] [parameter_bridge-2]: sending signal 'SIGINT' to process[parameter_bridge-2]
[INFO] [gz-1]: sending signal 'SIGINT' to process[gz-1]
[static_transform_publisher-7] [INFO] [1790536140.348767404] [rclcpp]: signal_handler(SIGINT/SIGTERM)
[parameter_bridge-6] [INFO] [1790536140.350635729] [rclcpp]: signal_handler(SIGINT/SIGTERM)
[parameter_bridge-3] [INFO] [1790536140.362639479] [rclcpp]: signal_handler(SIGINT/SIGTERM)
[parameter_bridge-2] [INFO] [1790536140.364702266] [rclcpp]: signal_handler(SIGINT/SIGTERM)
[INFO] [parameter_bridge-6]: process has finished cleanly [pid 795]
[INFO] [static_transform_publisher-7]: process has finished cleanly [pid 796]
[INFO] [parameter_bridge-3]: process has finished cleanly [pid 792]
[INFO] [parameter_bridge-2]: process has finished cleanly [pid 791]
[ERROR] [gz-1]: process has died [pid 790, exit code -11, cmd 'gz sim -r -s -v 3 --headless-rendering /tmp/arena_world_788ja810/world.sdf'].
[gz-1] [1;32m[Msg] [0m[1;32mWorld [[0m[1;32mit_arena_track[0m[1;32m] initiali
[INFO] [lidar_safety-8]: process has finished cleanly [pid 797]
[INFO] [sim_wheel_encoder-9]: process has finished cleanly [pid 798]
[INFO] [ackermann_to_twist-4]: process has finished cleanly [pid 793]
[INFO] [rotating_lidar-5]: process has finished cleanly [pid 794]
